cwd: /workspace
date_utc: 2026-09-09T03:58:38Z
branch: cursor/phase1-action-manifest-edf9
head: 82711e22559eb8be2909f3d756b3e7403607830a

=== lint ===

> action-manifest@0.1.0 lint /workspace
> eslint .

lint_exit:0

=== typecheck ===

> action-manifest@0.1.0 typecheck /workspace
> tsc -b --pretty

typecheck_exit:0

=== schema:validate ===

> action-manifest@0.1.0 schema:validate /workspace
> tsx scripts/validate-schema.ts

schema: PASS (action-manifest + canonical-document)
schema_exit:0

=== test ===

> action-manifest@0.1.0 test /workspace
> vitest run


 RUN  v3.2.7 /workspace

 ✓ benchmark/synthetic-guard.test.ts (3 tests) 9ms
 ✓ packages/extractor/src/golden.test.ts (3 tests) 8ms
 ✓ benchmark/benchmark.test.ts (2 tests) 30ms
 ✓ packages/verifier/src/verify.test.ts (6 tests) 7ms
 ✓ packages/temporal/src/parse.test.ts (8 tests) 5ms
 ✓ packages/temporal/src/modality.test.ts (7 tests) 4ms
 ✓ packages/core/src/validate.test.ts (5 tests) 5ms
 ✓ packages/core/src/no-external-io.test.ts (1 test) 2ms
 ✓ packages/adapters/src/adapters.test.ts (3 tests) 4ms
 ✓ packages/exporters/src/exporters.test.ts (3 tests) 4ms

 Test Files  10 passed (10)
      Tests  41 passed (41)
   Start at  03:58:41
   Duration  843ms (transform 216ms, setup 0ms, collect 1.01s, tests 79ms, environment 1ms, prepare 513ms)

test_exit:0
